// Jest Snapshot v1, https://goo.gl/fbAQLP

exports[`Componente de transação do extrato O snapshot do componente deve permanecer sempre o mesmo 1`] = `
<div
  class="transacao-container"
>
  <p>
    01/03/2022
  </p>
  <p>
    deposito
  </p>
  <p>
    R$ 
    100
  </p>
</div>
`;
